
============================================================
  Cayley (parametrizations)  |  device=cuda  |  hard_ortho=True
============================================================
  step  15000  ε=0.696  L_koop=0.1012  L_v=0.0002  succ/20=1  ||AᵀA-I||²=1.85e-12  sps=77
  step  20000  ε=0.595  L_koop=0.0007  L_v=0.0003  succ/20=3  ||AᵀA-I||²=3.09e-12  sps=77
  step  25000  ε=0.494  L_koop=0.0004  L_v=0.0007  succ/20=4  ||AᵀA-I||²=3.03e-12  sps=76
  step  30000  ε=0.393  L_koop=0.0002  L_v=0.0011  succ/20=13  ||AᵀA-I||²=3.22e-12  sps=75
  step  35000  ε=0.292  L_koop=0.0002  L_v=0.0017  succ/20=9  ||AᵀA-I||²=4.63e-12  sps=76
  step  40000  ε=0.190  L_koop=0.0002  L_v=0.0021  succ/20=11  ||AᵀA-I||²=2.29e-12  sps=76
  step  45000  ε=0.150  L_koop=0.0002  L_v=0.0022  succ/20=14  ||AᵀA-I||²=3.39e-12  sps=75
  step  50000  ε=0.150  L_koop=0.0002  L_v=0.0025  succ/20=13  ||AᵀA-I||²=3.22e-12  sps=76
  step  55000  ε=0.150  L_koop=0.0002  L_v=0.0027  succ/20=12  ||AᵀA-I||²=2.58e-12  sps=76
  step  60000  ε=0.150  L_koop=0.0003  L_v=0.0029  succ/20=12  ||AᵀA-I||²=1.90e-12  sps=75

  Greedy eval (200 ep): 2.0%  mean_steps=2.5

============================================================
  SVD Procrustes (differentiable)  |  device=cuda  |  hard_ortho=True
============================================================
  step  15000  ε=0.696  L_koop=0.1150  L_v=0.0003  succ/20=6  ||AᵀA-I||²=6.02e-10  sps=83
  step  20000  ε=0.595  L_koop=0.0001  L_v=0.0011  succ/20=13  ||AᵀA-I||²=6.38e-10  sps=82
  step  25000  ε=0.494  L_koop=0.0000  L_v=0.0011  succ/20=19  ||AᵀA-I||²=8.01e-10  sps=81
  step  30000  ε=0.393  L_koop=0.0000  L_v=0.0011  succ/20=20  ||AᵀA-I||²=6.32e-10  sps=80
  step  35000  ε=0.292  L_koop=0.0000  L_v=0.0010  succ/20=20  ||AᵀA-I||²=6.54e-10  sps=80
  step  40000  ε=0.190  L_koop=0.0000  L_v=0.0010  succ/20=20  ||AᵀA-I||²=6.63e-10  sps=79
  step  45000  ε=0.150  L_koop=0.0000  L_v=0.0009  succ/20=20  ||AᵀA-I||²=1.06e-09  sps=80
  step  50000  ε=0.150  L_koop=0.0000  L_v=0.0008  succ/20=20  ||AᵀA-I||²=6.16e-10  sps=78
  step  55000  ε=0.150  L_koop=0.0000  L_v=0.0008  succ/20=20  ||AᵀA-I||²=6.65e-10  sps=77
  step  60000  ε=0.150  L_koop=0.0000  L_v=0.0007  succ/20=20  ||AᵀA-I||²=3.32e-10  sps=77

  Greedy eval (200 ep): 100.0%  mean_steps=23.2

============================================================
  SUMMARY
============================================================
  Cayley (parametrizations)                 sr=2.0%  mean_steps=2.5
  SVD Procrustes (differentiable)           sr=100.0%  mean_steps=23.2

Saved → ortho_comparison.png
