================================================================
  Pendulum-v1 — Continuous Koopman + Toeplitz planner test
  device=cuda  hard_ortho=True
  action_dim=1  d=32  steps=30,000
  ortho_a=True → linear dynamics (no L2 normalisation)
================================================================

[Warmup: 2000 random steps...]

  step  1000  noise=0.940  L_koop=1.2351  L_v=0.0758  ret/20=-1074.9  ‖AᵀA-I‖²=6.8e-10  sps=116
  step  2000  noise=0.880  L_koop=0.3486  L_v=0.0529  ret/20=-1196.6  ‖AᵀA-I‖²=5.5e-10  sps=87
  step  3000  noise=0.820  L_koop=0.1032  L_v=0.1883  ret/20=-1159.9  ‖AᵀA-I‖²=6.3e-10  sps=12
  step  4000  noise=0.760  L_koop=0.0441  L_v=0.3861  ret/20=-1208.0  ‖AᵀA-I‖²=5.7e-10  sps=11
  step  5000  noise=0.700  L_koop=0.0520  L_v=0.6209  ret/20=-1183.6  ‖AᵀA-I‖²=4.2e-10  sps=12
  [live] pendulum_toeplitz_live.png
  step  6000  noise=0.640  L_koop=0.0727  L_v=0.9178  ret/20=-1238.3  ‖AᵀA-I‖²=5.9e-10  sps=11
  step  7000  noise=0.580  L_koop=0.0883  L_v=1.2536  ret/20=-1300.8  ‖AᵀA-I‖²=6.4e-10  sps=12
  step  8000  noise=0.520  L_koop=0.0873  L_v=1.5883  ret/20=-1327.3  ‖AᵀA-I‖²=8.7e-10  sps=12
  step  9000  noise=0.460  L_koop=0.0825  L_v=1.8958  ret/20=-1395.5  ‖AᵀA-I‖²=8.1e-10  sps=11
  step 10000  noise=0.400  L_koop=0.0788  L_v=2.3072  ret/20=-1266.6  ‖AᵀA-I‖²=6.9e-10  sps=12
  [live] pendulum_toeplitz_live.png
  step 11000  noise=0.340  L_koop=0.0802  L_v=2.5796  ret/20=-1174.6  ‖AᵀA-I‖²=5.7e-10  sps=11
  step 12000  noise=0.280  L_koop=0.0852  L_v=2.9934  ret/20= -855.8  ‖AᵀA-I‖²=6.5e-10  sps=12
  step 13000  noise=0.220  L_koop=0.0891  L_v=3.0729  ret/20= -670.9  ‖AᵀA-I‖²=5.5e-10  sps=12
  step 14000  noise=0.160  L_koop=0.0897  L_v=3.1424  ret/20= -541.2  ‖AᵀA-I‖²=5.6e-10  sps=12
  step 15000  noise=0.100  L_koop=0.0886  L_v=3.3573  ret/20= -337.0  ‖AᵀA-I‖²=6.7e-10  sps=11
  [live] pendulum_toeplitz_live.png
  step 16000  noise=0.100  L_koop=0.0874  L_v=3.5673  ret/20= -348.4  ‖AᵀA-I‖²=6.5e-10  sps=10
  step 17000  noise=0.100  L_koop=0.0850  L_v=3.6845  ret/20= -315.6  ‖AᵀA-I‖²=6.2e-10  sps=11
  step 18000  noise=0.100  L_koop=0.0826  L_v=3.6216  ret/20= -285.9  ‖AᵀA-I‖²=7.7e-10  sps=11
  step 19000  noise=0.100  L_koop=0.0803  L_v=3.4752  ret/20= -277.9  ‖AᵀA-I‖²=4.9e-10  sps=11
  step 20000  noise=0.100  L_koop=0.0778  L_v=3.6396  ret/20= -305.4  ‖AᵀA-I‖²=5.4e-10  sps=12
  [live] pendulum_toeplitz_live.png
  step 21000  noise=0.100  L_koop=0.0743  L_v=3.4659  ret/20= -246.9  ‖AᵀA-I‖²=7.5e-10  sps=12
  step 22000  noise=0.100  L_koop=0.0728  L_v=3.3530  ret/20= -193.2  ‖AᵀA-I‖²=7.5e-10  sps=12
  step 23000  noise=0.100  L_koop=0.0734  L_v=3.5612  ret/20= -220.6  ‖AᵀA-I‖²=6.9e-10  sps=12
  step 24000  noise=0.100  L_koop=0.0737  L_v=3.5995  ret/20= -166.7  ‖AᵀA-I‖²=6.5e-10  sps=12
  step 25000  noise=0.100  L_koop=0.0732  L_v=3.5930  ret/20= -187.1  ‖AᵀA-I‖²=6.9e-10  sps=12
  [live] pendulum_toeplitz_live.png
  step 26000  noise=0.100  L_koop=0.0718  L_v=3.2266  ret/20= -197.1  ‖AᵀA-I‖²=6.6e-10  sps=11
  step 27000  noise=0.100  L_koop=0.0719  L_v=3.4683  ret/20= -188.6  ‖AᵀA-I‖²=6.3e-10  sps=11
  step 28000  noise=0.100  L_koop=0.0710  L_v=3.6706  ret/20= -206.2  ‖AᵀA-I‖²=5.9e-10  sps=12
  step 29000  noise=0.100  L_koop=0.0708  L_v=3.5733  ret/20= -180.4  ‖AᵀA-I‖²=6.0e-10  sps=12
  step 30000  noise=0.100  L_koop=0.0689  L_v=3.2801  ret/20= -183.6  ‖AᵀA-I‖²=5.1e-10  sps=11
  [live] pendulum_toeplitz_live.png

================================================================
  Planner benchmark — 20 episodes each
  H=5  iters=10  γ=0.99
================================================================
  sequential (baseline)           mean=  -829.8  std= 303.9  wall=289.5s  (14.48s/ep)
  toeplitz  (GEMM)                mean=  -352.8  std= 276.5  wall=118.6s  (5.93s/ep)
  [ckpt] viz_pendulum/kgp_pendulum_toeplitz.pt
  [live] pendulum_toeplitz_live.png
  [viz] viz_pendulum/final_summary.png
