================================================================
  Pendulum-v1 — Continuous Koopman + Toeplitz planner test
  device=cuda  hard_ortho=True
  action_dim=1  d=32  steps=40,000
  ortho_a=True → linear dynamics (no L2 normalisation)
  run_tag=toe_ou_s2
================================================================

[Warmup: 10000 random steps...]

  step  1000  noise=0.940  L_koop=1.0478  L_v=0.0674  ret/20=-1179.0  ‖AᵀA-I‖²=6.3e-10  sps=90
  step  2000  noise=0.880  L_koop=0.2882  L_v=0.0674  ret/20=-1232.6  ‖AᵀA-I‖²=6.0e-10  sps=73
  step  3000  noise=0.820  L_koop=0.0743  L_v=0.1880  ret/20=-1285.3  ‖AᵀA-I‖²=6.5e-10  sps=74
  step  4000  noise=0.760  L_koop=0.0368  L_v=0.3904  ret/20=-1314.0  ‖AᵀA-I‖²=7.4e-10  sps=73
  step  5000  noise=0.700  L_koop=0.0446  L_v=0.6695  ret/20=-1351.0  ‖AᵀA-I‖²=8.5e-10  sps=73
  [live] pendulum_live_toe_ou_s2.png
  step  6000  noise=0.640  L_koop=0.0540  L_v=1.0067  ret/20=-1333.7  ‖AᵀA-I‖²=6.5e-10  sps=52
  step  7000  noise=0.580  L_koop=0.0556  L_v=1.2632  ret/20=-1311.9  ‖AᵀA-I‖²=4.3e-10  sps=73
  step  8000  noise=0.520  L_koop=0.0572  L_v=1.6261  ret/20=-1241.9  ‖AᵀA-I‖²=5.2e-10  sps=73
  step  9000  noise=0.460  L_koop=0.0584  L_v=1.8517  ret/20=-1237.5  ‖AᵀA-I‖²=8.7e-10  sps=74
  step 10000  noise=0.400  L_koop=0.0558  L_v=2.3515  ret/20=-1241.9  ‖AᵀA-I‖²=4.9e-10  sps=72
  [live] pendulum_live_toe_ou_s2.png
  step 11000  noise=0.340  L_koop=0.0573  L_v=2.7421  ret/20=-1238.1  ‖AᵀA-I‖²=5.7e-10  sps=21
  step 12000  noise=0.280  L_koop=0.0628  L_v=2.9719  ret/20=-1307.1  ‖AᵀA-I‖²=5.5e-10  sps=35
  step 13000  noise=0.220  L_koop=0.0688  L_v=3.1137  ret/20=-1199.3  ‖AᵀA-I‖²=8.2e-10  sps=35
  step 14000  noise=0.160  L_koop=0.0749  L_v=3.5124  ret/20=-1146.3  ‖AᵀA-I‖²=6.6e-10  sps=31
  step 15000  noise=0.100  L_koop=0.0817  L_v=3.6060  ret/20= -956.2  ‖AᵀA-I‖²=5.3e-10  sps=19
  [live] pendulum_live_toe_ou_s2.png
  step 16000  noise=0.100  L_koop=0.0853  L_v=3.9514  ret/20= -828.6  ‖AᵀA-I‖²=5.3e-10  sps=17
  step 17000  noise=0.100  L_koop=0.0916  L_v=4.2092  ret/20= -788.9  ‖AᵀA-I‖²=9.0e-10  sps=19
  step 18000  noise=0.100  L_koop=0.0951  L_v=4.3145  ret/20= -735.7  ‖AᵀA-I‖²=4.1e-10  sps=21
  step 19000  noise=0.100  L_koop=0.0930  L_v=4.8383  ret/20= -783.5  ‖AᵀA-I‖²=5.7e-10  sps=23
  step 20000  noise=0.100  L_koop=0.0907  L_v=4.8537  ret/20= -802.1  ‖AᵀA-I‖²=1.2e-09  sps=19
  [live] pendulum_live_toe_ou_s2.png
  step 21000  noise=0.100  L_koop=0.0851  L_v=5.1700  ret/20= -743.9  ‖AᵀA-I‖²=5.7e-10  sps=18
  step 22000  noise=0.100  L_koop=0.0840  L_v=5.0942  ret/20= -573.2  ‖AᵀA-I‖²=7.4e-10  sps=19
  step 23000  noise=0.100  L_koop=0.0822  L_v=4.8712  ret/20= -448.9  ‖AᵀA-I‖²=7.4e-10  sps=19
  step 24000  noise=0.100  L_koop=0.0802  L_v=5.0626  ret/20= -348.5  ‖AᵀA-I‖²=5.3e-10  sps=18
  step 25000  noise=0.100  L_koop=0.0796  L_v=4.9742  ret/20= -330.6  ‖AᵀA-I‖²=6.8e-10  sps=18
  [live] pendulum_live_toe_ou_s2.png
  step 26000  noise=0.100  L_koop=0.0793  L_v=4.8549  ret/20= -389.6  ‖AᵀA-I‖²=6.5e-10  sps=17
  step 27000  noise=0.100  L_koop=0.0780  L_v=5.0536  ret/20= -411.4  ‖AᵀA-I‖²=6.8e-10  sps=19
  step 28000  noise=0.100  L_koop=0.0778  L_v=5.0701  ret/20= -345.8  ‖AᵀA-I‖²=7.9e-10  sps=20
  step 29000  noise=0.100  L_koop=0.0776  L_v=4.9760  ret/20= -272.9  ‖AᵀA-I‖²=4.7e-10  sps=35
  step 30000  noise=0.100  L_koop=0.0753  L_v=4.8531  ret/20= -225.6  ‖AᵀA-I‖²=7.1e-10  sps=35
  [live] pendulum_live_toe_ou_s2.png
  step 31000  noise=0.100  L_koop=0.0741  L_v=4.5320  ret/20= -257.1  ‖AᵀA-I‖²=6.6e-10  sps=29
  step 32000  noise=0.100  L_koop=0.0734  L_v=4.7317  ret/20= -245.4  ‖AᵀA-I‖²=7.0e-10  sps=34
  step 33000  noise=0.100  L_koop=0.0718  L_v=4.9212  ret/20= -251.7  ‖AᵀA-I‖²=7.2e-10  sps=23
  step 34000  noise=0.100  L_koop=0.0720  L_v=5.0250  ret/20= -246.3  ‖AᵀA-I‖²=6.2e-10  sps=18
  step 35000  noise=0.100  L_koop=0.0722  L_v=4.8170  ret/20= -181.4  ‖AᵀA-I‖²=6.3e-10  sps=19
  [live] pendulum_live_toe_ou_s2.png
  step 36000  noise=0.100  L_koop=0.0721  L_v=4.8908  ret/20= -205.3  ‖AᵀA-I‖²=6.0e-10  sps=17
  step 37000  noise=0.100  L_koop=0.0724  L_v=4.3644  ret/20= -314.0  ‖AᵀA-I‖²=7.8e-10  sps=19
  step 38000  noise=0.100  L_koop=0.0741  L_v=4.2416  ret/20= -337.2  ‖AᵀA-I‖²=6.4e-10  sps=20
  step 39000  noise=0.100  L_koop=0.0762  L_v=4.3972  ret/20= -363.0  ‖AᵀA-I‖²=6.0e-10  sps=19
  step 40000  noise=0.100  L_koop=0.0764  L_v=4.2350  ret/20= -351.6  ‖AᵀA-I‖²=6.2e-10  sps=23
  [live] pendulum_live_toe_ou_s2.png

================================================================
  Planner benchmark — 20 episodes each
  H=5  iters=10  γ=0.99
================================================================
  sequential (baseline)           mean= -1105.7  std= 428.1  wall=665.0s  (33.25s/ep)
  toeplitz  (GEMM)                mean=  -410.6  std= 506.5  wall=133.7s  (6.69s/ep)
  [ckpt] viz_pendulum/kgp_pendulum_toe_ou_s2.pt
  [live] pendulum_live_toe_ou_s2.png
  [viz] viz_pendulum/final_summary.png
