================================================================
  Pendulum-v1 — Continuous Koopman + Toeplitz planner test
  device=cuda  hard_ortho=True
  action_dim=1  d=32  steps=30,000
  ortho_a=True → linear dynamics (no L2 normalisation)
================================================================

[Warmup: 2000 random steps...]

  step  1000  noise=0.940  L_koop=1.2104  L_v=0.0476  ret/20=-1069.6  ‖AᵀA-I‖²=6.1e-10  sps=107
  step  2000  noise=0.880  L_koop=0.3050  L_v=0.0417  ret/20=-1145.9  ‖AᵀA-I‖²=7.9e-10  sps=86
  step  3000  noise=0.820  L_koop=0.0859  L_v=0.1470  ret/20=-1214.5  ‖AᵀA-I‖²=7.1e-10  sps=20
  step  4000  noise=0.760  L_koop=0.0560  L_v=0.3633  ret/20=-1100.5  ‖AᵀA-I‖²=6.5e-10  sps=19
  step  5000  noise=0.700  L_koop=0.0760  L_v=0.5988  ret/20=-1016.4  ‖AᵀA-I‖²=8.0e-10  sps=20
  [live] pendulum_toeplitz_live.png
  step  6000  noise=0.640  L_koop=0.0984  L_v=0.7693  ret/20= -889.8  ‖AᵀA-I‖²=6.0e-10  sps=19
  step  7000  noise=0.580  L_koop=0.1087  L_v=0.9388  ret/20= -681.4  ‖AᵀA-I‖²=6.9e-10  sps=22
  step  8000  noise=0.520  L_koop=0.1106  L_v=1.0782  ret/20= -687.0  ‖AᵀA-I‖²=4.6e-10  sps=23
  step  9000  noise=0.460  L_koop=0.1066  L_v=1.3493  ret/20= -723.4  ‖AᵀA-I‖²=5.7e-10  sps=22
  step 10000  noise=0.400  L_koop=0.1023  L_v=1.5890  ret/20= -687.7  ‖AᵀA-I‖²=5.4e-10  sps=20
  [live] pendulum_toeplitz_live.png
  step 11000  noise=0.340  L_koop=0.0967  L_v=1.7920  ret/20= -844.7  ‖AᵀA-I‖²=5.1e-10  sps=19
  step 12000  noise=0.280  L_koop=0.0945  L_v=2.1321  ret/20= -874.3  ‖AᵀA-I‖²=1.2e-09  sps=20
  step 13000  noise=0.220  L_koop=0.0948  L_v=2.3238  ret/20= -943.2  ‖AᵀA-I‖²=7.0e-10  sps=20
  step 14000  noise=0.160  L_koop=0.0956  L_v=2.6234  ret/20=-1007.6  ‖AᵀA-I‖²=6.3e-10  sps=20
  step 15000  noise=0.100  L_koop=0.0986  L_v=2.7569  ret/20=-1048.3  ‖AᵀA-I‖²=1.0e-09  sps=21
  [live] pendulum_toeplitz_live.png
  step 16000  noise=0.100  L_koop=0.1015  L_v=3.2384  ret/20=-1045.1  ‖AᵀA-I‖²=9.0e-10  sps=20
  step 17000  noise=0.100  L_koop=0.1034  L_v=3.4268  ret/20= -991.8  ‖AᵀA-I‖²=7.8e-10  sps=21
  step 18000  noise=0.100  L_koop=0.1066  L_v=3.8656  ret/20=-1049.8  ‖AᵀA-I‖²=7.6e-10  sps=21
  step 19000  noise=0.100  L_koop=0.1093  L_v=3.9198  ret/20= -884.0  ‖AᵀA-I‖²=7.8e-10  sps=20
  step 20000  noise=0.100  L_koop=0.1140  L_v=4.1266  ret/20= -936.5  ‖AᵀA-I‖²=7.1e-10  sps=21
  [live] pendulum_toeplitz_live.png
  step 21000  noise=0.100  L_koop=0.1186  L_v=4.3432  ret/20= -896.1  ‖AᵀA-I‖²=5.7e-10  sps=19
  step 22000  noise=0.100  L_koop=0.1212  L_v=4.2209  ret/20= -762.7  ‖AᵀA-I‖²=9.6e-10  sps=21
  step 23000  noise=0.100  L_koop=0.1245  L_v=4.7680  ret/20= -845.2  ‖AᵀA-I‖²=6.3e-10  sps=20
  step 24000  noise=0.100  L_koop=0.1299  L_v=4.5353  ret/20= -794.9  ‖AᵀA-I‖²=8.9e-10  sps=20
  step 25000  noise=0.100  L_koop=0.1352  L_v=4.8606  ret/20= -848.0  ‖AᵀA-I‖²=8.6e-10  sps=21
  [live] pendulum_toeplitz_live.png
  step 26000  noise=0.100  L_koop=0.1422  L_v=4.9783  ret/20= -904.5  ‖AᵀA-I‖²=9.5e-10  sps=19
  step 27000  noise=0.100  L_koop=0.1495  L_v=4.9850  ret/20= -907.1  ‖AᵀA-I‖²=4.6e-10  sps=20
  step 28000  noise=0.100  L_koop=0.1588  L_v=5.2341  ret/20= -857.5  ‖AᵀA-I‖²=5.9e-10  sps=20
  step 29000  noise=0.100  L_koop=0.1695  L_v=5.6166  ret/20= -701.6  ‖AᵀA-I‖²=6.1e-10  sps=20
  step 30000  noise=0.100  L_koop=0.1796  L_v=5.4161  ret/20= -600.7  ‖AᵀA-I‖²=6.8e-10  sps=20
  [live] pendulum_toeplitz_live.png

================================================================
  Planner benchmark — 20 episodes each
  H=5  iters=10  γ=0.99
================================================================
  sequential (baseline)           mean=  -917.0  std= 600.7  wall=288.4s  (14.42s/ep)
  toeplitz  (GEMM)                mean= -1045.5  std= 566.9  wall=122.3s  (6.11s/ep)
  [ckpt] viz_pendulum/kgp_pendulum_toeplitz.pt
  [live] pendulum_toeplitz_live.png
  [viz] viz_pendulum/final_summary.png
