================================================================
  Pendulum-v1 — Continuous Koopman + Toeplitz planner test
  device=cuda  hard_ortho=True
  action_dim=1  d=32  steps=40,000
  ortho_a=True → linear dynamics (no L2 normalisation)
  run_tag=toe_ou_s4
================================================================

[Warmup: 10000 random steps...]

  step  1000  noise=0.940  L_koop=1.2966  L_v=0.0572  ret/20=-1318.0  ‖AᵀA-I‖²=5.0e-10  sps=92
  step  2000  noise=0.880  L_koop=0.3927  L_v=0.0506  ret/20=-1232.4  ‖AᵀA-I‖²=6.1e-10  sps=73
  step  3000  noise=0.820  L_koop=0.1449  L_v=0.1620  ret/20=-1173.9  ‖AᵀA-I‖²=7.2e-10  sps=73
  step  4000  noise=0.760  L_koop=0.0701  L_v=0.3410  ret/20=-1210.0  ‖AᵀA-I‖²=6.7e-10  sps=73
  step  5000  noise=0.700  L_koop=0.0640  L_v=0.5429  ret/20=-1145.0  ‖AᵀA-I‖²=5.6e-10  sps=73
  [live] pendulum_live_toe_ou_s4.png
  step  6000  noise=0.640  L_koop=0.0796  L_v=0.7404  ret/20=-1147.1  ‖AᵀA-I‖²=5.7e-10  sps=51
  step  7000  noise=0.580  L_koop=0.0847  L_v=1.0137  ret/20=-1169.2  ‖AᵀA-I‖²=8.1e-10  sps=73
  step  8000  noise=0.520  L_koop=0.0790  L_v=1.2558  ret/20=-1121.9  ‖AᵀA-I‖²=5.5e-10  sps=73
  step  9000  noise=0.460  L_koop=0.0727  L_v=1.5527  ret/20=-1152.7  ‖AᵀA-I‖²=6.2e-10  sps=73
  step 10000  noise=0.400  L_koop=0.0687  L_v=1.8132  ret/20=-1241.6  ‖AᵀA-I‖²=6.2e-10  sps=72
  [live] pendulum_live_toe_ou_s4.png
  step 11000  noise=0.340  L_koop=0.0708  L_v=2.0320  ret/20=-1159.5  ‖AᵀA-I‖²=6.1e-10  sps=17
  step 12000  noise=0.280  L_koop=0.0753  L_v=2.3466  ret/20=-1145.0  ‖AᵀA-I‖²=4.7e-10  sps=19
  step 13000  noise=0.220  L_koop=0.0777  L_v=2.7245  ret/20=-1081.4  ‖AᵀA-I‖²=6.2e-10  sps=21
  step 14000  noise=0.160  L_koop=0.0801  L_v=2.9891  ret/20= -907.7  ‖AᵀA-I‖²=7.7e-10  sps=20
  step 15000  noise=0.100  L_koop=0.0863  L_v=3.1098  ret/20= -861.3  ‖AᵀA-I‖²=1.1e-09  sps=19
  [live] pendulum_live_toe_ou_s4.png
  step 16000  noise=0.100  L_koop=0.0941  L_v=3.1959  ret/20= -631.8  ‖AᵀA-I‖²=8.6e-10  sps=18
  step 17000  noise=0.100  L_koop=0.0982  L_v=3.2416  ret/20= -443.9  ‖AᵀA-I‖²=5.5e-10  sps=22
  step 18000  noise=0.100  L_koop=0.0970  L_v=3.4103  ret/20= -400.6  ‖AᵀA-I‖²=6.0e-10  sps=20
  step 19000  noise=0.100  L_koop=0.0915  L_v=3.4261  ret/20= -404.9  ‖AᵀA-I‖²=6.4e-10  sps=19
  step 20000  noise=0.100  L_koop=0.0868  L_v=3.7199  ret/20= -489.6  ‖AᵀA-I‖²=6.8e-10  sps=20
  [live] pendulum_live_toe_ou_s4.png
  step 21000  noise=0.100  L_koop=0.0806  L_v=3.7200  ret/20= -488.9  ‖AᵀA-I‖²=6.2e-10  sps=17
  step 22000  noise=0.100  L_koop=0.0755  L_v=3.6370  ret/20= -450.2  ‖AᵀA-I‖²=6.6e-10  sps=19
  step 23000  noise=0.100  L_koop=0.0724  L_v=3.5327  ret/20= -343.8  ‖AᵀA-I‖²=7.4e-10  sps=20
  step 24000  noise=0.100  L_koop=0.0703  L_v=3.7170  ret/20= -358.1  ‖AᵀA-I‖²=2.8e-10  sps=19
  step 25000  noise=0.100  L_koop=0.0681  L_v=3.6659  ret/20= -445.3  ‖AᵀA-I‖²=5.8e-10  sps=20
  [live] pendulum_live_toe_ou_s4.png
  step 26000  noise=0.100  L_koop=0.0680  L_v=3.8873  ret/20= -448.0  ‖AᵀA-I‖²=7.2e-10  sps=17
  step 27000  noise=0.100  L_koop=0.0670  L_v=3.7454  ret/20= -614.3  ‖AᵀA-I‖²=5.7e-10  sps=19
  step 28000  noise=0.100  L_koop=0.0665  L_v=3.8226  ret/20= -532.8  ‖AᵀA-I‖²=7.7e-10  sps=19
  step 29000  noise=0.100  L_koop=0.0660  L_v=3.9174  ret/20= -588.1  ‖AᵀA-I‖²=7.1e-10  sps=19
  step 30000  noise=0.100  L_koop=0.0650  L_v=3.9596  ret/20= -488.7  ‖AᵀA-I‖²=5.3e-10  sps=19
  [live] pendulum_live_toe_ou_s4.png
  step 31000  noise=0.100  L_koop=0.0640  L_v=3.9361  ret/20= -342.7  ‖AᵀA-I‖²=6.0e-10  sps=18
  step 32000  noise=0.100  L_koop=0.0633  L_v=3.9210  ret/20= -481.8  ‖AᵀA-I‖²=5.0e-10  sps=20
  step 33000  noise=0.100  L_koop=0.0612  L_v=3.8221  ret/20= -395.6  ‖AᵀA-I‖²=5.4e-10  sps=19
  step 34000  noise=0.100  L_koop=0.0609  L_v=3.9772  ret/20= -414.9  ‖AᵀA-I‖²=8.5e-10  sps=19
  step 35000  noise=0.100  L_koop=0.0594  L_v=4.0644  ret/20= -455.8  ‖AᵀA-I‖²=4.7e-10  sps=19
  [live] pendulum_live_toe_ou_s4.png
  step 36000  noise=0.100  L_koop=0.0594  L_v=3.8160  ret/20= -422.8  ‖AᵀA-I‖²=7.6e-10  sps=17
  step 37000  noise=0.100  L_koop=0.0588  L_v=3.8570  ret/20= -414.8  ‖AᵀA-I‖²=5.2e-10  sps=19
  step 38000  noise=0.100  L_koop=0.0589  L_v=3.7520  ret/20= -449.1  ‖AᵀA-I‖²=6.4e-10  sps=19
  step 39000  noise=0.100  L_koop=0.0585  L_v=3.6228  ret/20= -376.1  ‖AᵀA-I‖²=5.9e-10  sps=19
  step 40000  noise=0.100  L_koop=0.0583  L_v=3.6223  ret/20= -361.7  ‖AᵀA-I‖²=5.2e-10  sps=19
  [live] pendulum_live_toe_ou_s4.png

================================================================
  Planner benchmark — 20 episodes each
  H=5  iters=10  γ=0.99
================================================================
  sequential (baseline)           mean=  -698.6  std= 653.7  wall=674.9s  (33.74s/ep)
  toeplitz  (GEMM)                mean=  -474.9  std= 575.4  wall=134.8s  (6.74s/ep)
  [ckpt] viz_pendulum/kgp_pendulum_toe_ou_s4.pt
  [live] pendulum_live_toe_ou_s4.png
  [viz] viz_pendulum/final_summary.png
