================================================================
  Pendulum-v1 — Continuous Koopman + Toeplitz planner test
  device=cuda  hard_ortho=True
  action_dim=1  d=32  steps=30,000
  ortho_a=True → linear dynamics (no L2 normalisation)
================================================================

[Warmup: 2000 random steps...]

  step  1000  noise=0.940  L_koop=1.2071  L_v=0.0757  ret/20=-1217.3  ‖AᵀA-I‖²=9.4e-10  sps=109
  step  2000  noise=0.880  L_koop=0.3198  L_v=0.0538  ret/20=-1340.6  ‖AᵀA-I‖²=7.1e-10  sps=84
  step  3000  noise=0.820  L_koop=0.0841  L_v=0.1676  ret/20=-1360.4  ‖AᵀA-I‖²=9.6e-10  sps=20
  step  4000  noise=0.760  L_koop=0.0332  L_v=0.3768  ret/20=-1390.1  ‖AᵀA-I‖²=6.4e-10  sps=20
  step  5000  noise=0.700  L_koop=0.0429  L_v=0.6071  ret/20=-1397.9  ‖AᵀA-I‖²=4.8e-10  sps=20
  [live] pendulum_toeplitz_live.png
  step  6000  noise=0.640  L_koop=0.0627  L_v=0.9337  ret/20=-1382.3  ‖AᵀA-I‖²=5.1e-10  sps=19
  step  7000  noise=0.580  L_koop=0.0691  L_v=1.3318  ret/20=-1400.0  ‖AᵀA-I‖²=4.9e-10  sps=19
  step  8000  noise=0.520  L_koop=0.0687  L_v=1.6571  ret/20=-1390.1  ‖AᵀA-I‖²=8.3e-10  sps=20
  step  9000  noise=0.460  L_koop=0.0674  L_v=1.9898  ret/20=-1429.1  ‖AᵀA-I‖²=5.7e-10  sps=21
  step 10000  noise=0.400  L_koop=0.0618  L_v=2.4358  ret/20=-1422.6  ‖AᵀA-I‖²=7.5e-10  sps=20
  [live] pendulum_toeplitz_live.png
  step 11000  noise=0.340  L_koop=0.0569  L_v=2.9160  ret/20=-1392.7  ‖AᵀA-I‖²=6.9e-10  sps=19
  step 12000  noise=0.280  L_koop=0.0554  L_v=3.1856  ret/20=-1354.3  ‖AᵀA-I‖²=6.1e-10  sps=21
  step 13000  noise=0.220  L_koop=0.0534  L_v=3.7413  ret/20=-1102.5  ‖AᵀA-I‖²=6.0e-10  sps=21
  step 14000  noise=0.160  L_koop=0.0556  L_v=4.0504  ret/20= -998.1  ‖AᵀA-I‖²=4.8e-10  sps=20
  step 15000  noise=0.100  L_koop=0.0584  L_v=4.4289  ret/20= -916.7  ‖AᵀA-I‖²=6.4e-10  sps=20
  [live] pendulum_toeplitz_live.png
  step 16000  noise=0.100  L_koop=0.0613  L_v=4.4990  ret/20= -935.3  ‖AᵀA-I‖²=6.6e-10  sps=19
  step 17000  noise=0.100  L_koop=0.0642  L_v=4.8746  ret/20=-1097.1  ‖AᵀA-I‖²=8.7e-10  sps=20
  step 18000  noise=0.100  L_koop=0.0692  L_v=5.1727  ret/20= -974.6  ‖AᵀA-I‖²=6.0e-10  sps=21
  step 19000  noise=0.100  L_koop=0.0750  L_v=5.5712  ret/20= -809.4  ‖AᵀA-I‖²=5.5e-10  sps=19
  step 20000  noise=0.100  L_koop=0.0791  L_v=5.3523  ret/20= -598.4  ‖AᵀA-I‖²=9.3e-10  sps=20
  [live] pendulum_toeplitz_live.png
  step 21000  noise=0.100  L_koop=0.0827  L_v=5.9947  ret/20= -549.0  ‖AᵀA-I‖²=8.4e-10  sps=18
  step 22000  noise=0.100  L_koop=0.0838  L_v=5.8101  ret/20= -567.8  ‖AᵀA-I‖²=6.4e-10  sps=19
  step 23000  noise=0.100  L_koop=0.0859  L_v=5.9872  ret/20= -696.7  ‖AᵀA-I‖²=9.6e-10  sps=19
  step 24000  noise=0.100  L_koop=0.0863  L_v=6.4170  ret/20= -898.0  ‖AᵀA-I‖²=8.7e-10  sps=19
  step 25000  noise=0.100  L_koop=0.0893  L_v=6.7985  ret/20= -768.5  ‖AᵀA-I‖²=8.2e-10  sps=20
  [live] pendulum_toeplitz_live.png
  step 26000  noise=0.100  L_koop=0.0889  L_v=6.3982  ret/20= -732.7  ‖AᵀA-I‖²=5.2e-10  sps=19
  step 27000  noise=0.100  L_koop=0.0883  L_v=6.5903  ret/20= -718.5  ‖AᵀA-I‖²=6.0e-10  sps=20
  step 28000  noise=0.100  L_koop=0.0872  L_v=6.7049  ret/20= -500.2  ‖AᵀA-I‖²=7.2e-10  sps=21
  step 29000  noise=0.100  L_koop=0.0843  L_v=6.7284  ret/20= -566.3  ‖AᵀA-I‖²=6.0e-10  sps=20
  step 30000  noise=0.100  L_koop=0.0845  L_v=6.9632  ret/20= -562.2  ‖AᵀA-I‖²=9.7e-10  sps=20
  [live] pendulum_toeplitz_live.png

================================================================
  Planner benchmark — 20 episodes each
  H=5  iters=10  γ=0.99
================================================================
  sequential (baseline)           mean= -1242.6  std= 376.0  wall=337.2s  (16.86s/ep)
  toeplitz  (GEMM)                mean=  -807.5  std= 648.7  wall=90.1s  (4.51s/ep)
  [ckpt] viz_pendulum/kgp_pendulum_toeplitz.pt
  [live] pendulum_toeplitz_live.png
  [viz] viz_pendulum/final_summary.png
