
============================================================
  Ablation run: H2_k10
  Config overrides: {'K_DIFFUSE': 10}
============================================================

====================================================================
  Ferrari Sheaf-RL v2 — Directed Latent Value Iteration
  State: (x,y)∈[-1,1]²   GravityBasin   d=32   device=mps
  Graph: 1024 nodes  |  rebuilt every 500 steps
  Value iter: 50 directed Bellman steps
====================================================================

[Warmup: collecting 3000 random transitions...]


[Graph built] N=1024 nodes  E_temp=512  k-NN=5  step=3500
  step   4000  ε=0.905  L_koop=0.1835  L_v=0.0001  L_recon=0.0176  succ/20=1  sps=194  Vd_max=1.000  Vd_μ=0.104
  step   6000  ε=0.858  L_koop=0.0259  L_v=0.0035  L_recon=0.0029  succ/20=1  sps=121  Vd_max=1.000  Vd_μ=0.208
  step   8000  ε=0.810  L_koop=0.0015  L_v=0.0003  L_recon=0.0002  succ/20=1  sps=113  Vd_max=1.025  Vd_μ=0.333
  step  10000  ε=0.762  L_koop=0.0005  L_v=0.0001  L_recon=0.0000  succ/20=1  sps=98  Vd_max=1.000  Vd_μ=0.434
  step  12000  ε=0.715  L_koop=0.0002  L_v=0.0000  L_recon=0.0000  succ/20=3  sps=56  Vd_max=1.011  Vd_μ=0.458
  step  14000  ε=0.667  L_koop=0.0002  L_v=0.0000  L_recon=0.0000  succ/20=4  sps=49  Vd_max=1.039  Vd_μ=0.561
  step  16000  ε=0.620  L_koop=0.0001  L_v=0.0000  L_recon=0.0000  succ/20=9  sps=40  Vd_max=1.051  Vd_μ=0.627
  step  18000  ε=0.573  L_koop=0.0001  L_v=0.0000  L_recon=0.0000  succ/20=9  sps=41  Vd_max=1.067  Vd_μ=0.689
  step  20000  ε=0.525  L_koop=0.0001  L_v=0.0000  L_recon=0.0000  succ/20=12  sps=45  Vd_max=1.047  Vd_μ=0.663
  step  22000  ε=0.478  L_koop=0.0001  L_v=0.0000  L_recon=0.0000  succ/20=16  sps=44  Vd_max=1.062  Vd_μ=0.696
  step  24000  ε=0.430  L_koop=0.0001  L_v=0.0000  L_recon=0.0000  succ/20=20  sps=37  Vd_max=1.079  Vd_μ=0.675
  step  26000  ε=0.382  L_koop=0.0001  L_v=0.0000  L_recon=0.0000  succ/20=20  sps=38  Vd_max=1.062  Vd_μ=0.668
  step  28000  ε=0.335  L_koop=0.0001  L_v=0.0000  L_recon=0.0000  succ/20=20  sps=31  Vd_max=1.056  Vd_μ=0.723
  step  30000  ε=0.287  L_koop=0.0001  L_v=0.0000  L_recon=0.0000  succ/20=20  sps=45  Vd_max=1.068  Vd_μ=0.708
  step  32000  ε=0.240  L_koop=0.0001  L_v=0.0000  L_recon=0.0000  succ/20=20  sps=46  Vd_max=1.049  Vd_μ=0.761
  step  34000  ε=0.193  L_koop=0.0001  L_v=0.0000  L_recon=0.0000  succ/20=20  sps=44  Vd_max=1.076  Vd_μ=0.764
  step  36000  ε=0.145  L_koop=0.0001  L_v=0.0000  L_recon=0.0000  succ/20=20  sps=47  Vd_max=1.059  Vd_μ=0.704
  step  38000  ε=0.098  L_koop=0.0001  L_v=0.0000  L_recon=0.0000  succ/20=20  sps=42  Vd_max=1.060  Vd_μ=0.720
  step  40000  ε=0.050  L_koop=0.0001  L_v=0.0000  L_recon=0.0000  succ/20=20  sps=42  Vd_max=1.059  Vd_μ=0.741
  step  42000  ε=0.050  L_koop=0.0001  L_v=0.0000  L_recon=0.0000  succ/20=20  sps=47  Vd_max=1.058  Vd_μ=0.757
  step  44000  ε=0.050  L_koop=0.0001  L_v=0.0000  L_recon=0.0000  succ/20=20  sps=49  Vd_max=1.049  Vd_μ=0.748
  step  46000  ε=0.050  L_koop=0.0001  L_v=0.0000  L_recon=0.0000  succ/20=20  sps=48  Vd_max=1.049  Vd_μ=0.764
  step  48000  ε=0.050  L_koop=0.0001  L_v=0.0000  L_recon=0.0000  succ/20=20  sps=45  Vd_max=1.049  Vd_μ=0.741
  step  50000  ε=0.050  L_koop=0.0001  L_v=0.0000  L_recon=0.0000  succ/20=20  sps=47  Vd_max=1.048  Vd_μ=0.759
  step  52000  ε=0.050  L_koop=0.0001  L_v=0.0000  L_recon=0.0000  succ/20=20  sps=43  Vd_max=1.051  Vd_μ=0.734
  step  54000  ε=0.050  L_koop=0.0001  L_v=0.0000  L_recon=0.0000  succ/20=20  sps=40  Vd_max=1.053  Vd_μ=0.725
  step  56000  ε=0.050  L_koop=0.0001  L_v=0.0000  L_recon=0.0000  succ/20=20  sps=41  Vd_max=1.040  Vd_μ=0.795
  step  58000  ε=0.050  L_koop=0.0001  L_v=0.0000  L_recon=0.0000  succ/20=20  sps=40  Vd_max=1.041  Vd_μ=0.776
  step  60000  ε=0.050  L_koop=0.0001  L_v=0.0000  L_recon=0.0000  succ/20=20  sps=38  Vd_max=1.056  Vd_μ=0.752
  step  62000  ε=0.050  L_koop=0.0001  L_v=0.0000  L_recon=0.0000  succ/20=20  sps=41  Vd_max=1.047  Vd_μ=0.797
  step  64000  ε=0.050  L_koop=0.0002  L_v=0.0000  L_recon=0.0000  succ/20=20  sps=41  Vd_max=1.039  Vd_μ=0.788
  step  66000  ε=0.050  L_koop=0.0002  L_v=0.0000  L_recon=0.0000  succ/20=20  sps=39  Vd_max=1.038  Vd_μ=0.745
  step  68000  ε=0.050  L_koop=0.0001  L_v=0.0000  L_recon=0.0000  succ/20=20  sps=41  Vd_max=1.051  Vd_μ=0.704
  step  70000  ε=0.050  L_koop=0.0001  L_v=0.0000  L_recon=0.0000  succ/20=20  sps=41  Vd_max=1.045  Vd_μ=0.738
  step  72000  ε=0.050  L_koop=0.0001  L_v=0.0000  L_recon=0.0000  succ/20=20  sps=44  Vd_max=1.045  Vd_μ=0.733
  step  74000  ε=0.050  L_koop=0.0001  L_v=0.0000  L_recon=0.0000  succ/20=20  sps=40  Vd_max=1.043  Vd_μ=0.774
  step  76000  ε=0.050  L_koop=0.0001  L_v=0.0000  L_recon=0.0000  succ/20=20  sps=38  Vd_max=1.054  Vd_μ=0.797
  step  78000  ε=0.050  L_koop=0.0001  L_v=0.0000  L_recon=0.0000  succ/20=20  sps=40  Vd_max=1.051  Vd_μ=0.750
  step  80000  ε=0.050  L_koop=0.0001  L_v=0.0000  L_recon=0.0000  succ/20=20  sps=41  Vd_max=1.052  Vd_μ=0.756
  step  82000  ε=0.050  L_koop=0.0001  L_v=0.0000  L_recon=0.0000  succ/20=20  sps=40  Vd_max=1.052  Vd_μ=0.745
  step  84000  ε=0.050  L_koop=0.0001  L_v=0.0000  L_recon=0.0000  succ/20=20  sps=41  Vd_max=1.042  Vd_μ=0.698
  step  86000  ε=0.050  L_koop=0.0001  L_v=0.0000  L_recon=0.0000  succ/20=20  sps=43  Vd_max=1.049  Vd_μ=0.753
  step  88000  ε=0.050  L_koop=0.0001  L_v=0.0000  L_recon=0.0000  succ/20=20  sps=37  Vd_max=1.040  Vd_μ=0.739
  step  90000  ε=0.050  L_koop=0.0001  L_v=0.0000  L_recon=0.0000  succ/20=20  sps=40  Vd_max=1.057  Vd_μ=0.752
  step  92000  ε=0.050  L_koop=0.0001  L_v=0.0000  L_recon=0.0000  succ/20=20  sps=43  Vd_max=1.045  Vd_μ=0.730
  step  94000  ε=0.050  L_koop=0.0001  L_v=0.0000  L_recon=0.0000  succ/20=20  sps=40  Vd_max=1.055  Vd_μ=0.745
  step  96000  ε=0.050  L_koop=0.0001  L_v=0.0000  L_recon=0.0000  succ/20=20  sps=39  Vd_max=1.052  Vd_μ=0.714
  step  98000  ε=0.050  L_koop=0.0001  L_v=0.0000  L_recon=0.0000  succ/20=20  sps=41  Vd_max=1.067  Vd_μ=0.752
  step 100000  ε=0.050  L_koop=0.0001  L_v=0.0000  L_recon=0.0000  succ/20=20  sps=44  Vd_max=1.054  Vd_μ=0.757

Greedy evaluation (100 ep): success=100.0%  mean_steps=21.2

Saved → ablation_results/H2_k10.json
  succ_final=20/20  succ_50k=20/20  greedy=100.0%
