
============================================================
  Ablation run: BASE
  Config overrides: (baseline)
============================================================

====================================================================
  Ferrari Sheaf-RL v2 — Directed Latent Value Iteration
  State: (x,y)∈[-1,1]²   GravityBasin   d=32   device=mps
  Graph: 1024 nodes  |  rebuilt every 500 steps
  Value iter: 50 directed Bellman steps
====================================================================

[Warmup: collecting 3000 random transitions...]


[Graph built] N=1024 nodes  E_temp=512  k-NN=5  step=3500
  step   4000  ε=0.905  L_koop=0.1835  L_v=0.0002  L_recon=0.0176  succ/20=1  sps=223  Vd_max=1.000  Vd_μ=0.262
  step   6000  ε=0.858  L_koop=0.0258  L_v=0.0018  L_recon=0.0029  succ/20=1  sps=109  Vd_max=1.000  Vd_μ=0.276
  step   8000  ε=0.810  L_koop=0.0015  L_v=0.0001  L_recon=0.0001  succ/20=0  sps=112  Vd_max=1.007  Vd_μ=0.338
  step  10000  ε=0.762  L_koop=0.0005  L_v=0.0000  L_recon=0.0000  succ/20=4  sps=110  Vd_max=1.000  Vd_μ=0.416
  step  12000  ε=0.715  L_koop=0.0003  L_v=0.0000  L_recon=0.0000  succ/20=8  sps=106  Vd_max=1.001  Vd_μ=0.490
  step  14000  ε=0.667  L_koop=0.0002  L_v=0.0000  L_recon=0.0000  succ/20=12  sps=104  Vd_max=1.015  Vd_μ=0.576
  step  16000  ε=0.620  L_koop=0.0001  L_v=0.0000  L_recon=0.0000  succ/20=7  sps=105  Vd_max=1.006  Vd_μ=0.512
  step  18000  ε=0.573  L_koop=0.0001  L_v=0.0000  L_recon=0.0000  succ/20=18  sps=101  Vd_max=1.031  Vd_μ=0.605
  step  20000  ε=0.525  L_koop=0.0001  L_v=0.0000  L_recon=0.0000  succ/20=20  sps=105  Vd_max=1.038  Vd_μ=0.653
  step  22000  ε=0.478  L_koop=0.0001  L_v=0.0000  L_recon=0.0000  succ/20=19  sps=103  Vd_max=1.038  Vd_μ=0.660
  step  24000  ε=0.430  L_koop=0.0001  L_v=0.0000  L_recon=0.0000  succ/20=20  sps=102  Vd_max=1.035  Vd_μ=0.640
  step  26000  ε=0.382  L_koop=0.0001  L_v=0.0000  L_recon=0.0000  succ/20=20  sps=100  Vd_max=1.025  Vd_μ=0.690
  step  28000  ε=0.335  L_koop=0.0001  L_v=0.0000  L_recon=0.0000  succ/20=20  sps=98  Vd_max=1.037  Vd_μ=0.711
  step  30000  ε=0.287  L_koop=0.0001  L_v=0.0000  L_recon=0.0000  succ/20=20  sps=97  Vd_max=1.025  Vd_μ=0.676
  step  32000  ε=0.240  L_koop=0.0001  L_v=0.0000  L_recon=0.0000  succ/20=20  sps=96  Vd_max=1.022  Vd_μ=0.757
  step  34000  ε=0.193  L_koop=0.0001  L_v=0.0000  L_recon=0.0000  succ/20=20  sps=95  Vd_max=1.033  Vd_μ=0.751
  step  36000  ε=0.145  L_koop=0.0002  L_v=0.0000  L_recon=0.0000  succ/20=20  sps=94  Vd_max=1.027  Vd_μ=0.781
  step  38000  ε=0.098  L_koop=0.0002  L_v=0.0000  L_recon=0.0000  succ/20=20  sps=93  Vd_max=1.029  Vd_μ=0.698
  step  40000  ε=0.050  L_koop=0.0002  L_v=0.0000  L_recon=0.0000  succ/20=20  sps=92  Vd_max=1.029  Vd_μ=0.735
  step  42000  ε=0.050  L_koop=0.0002  L_v=0.0000  L_recon=0.0000  succ/20=20  sps=93  Vd_max=1.016  Vd_μ=0.694
  step  44000  ε=0.050  L_koop=0.0002  L_v=0.0000  L_recon=0.0000  succ/20=20  sps=93  Vd_max=1.015  Vd_μ=0.708
  step  46000  ε=0.050  L_koop=0.0001  L_v=0.0000  L_recon=0.0000  succ/20=20  sps=92  Vd_max=1.023  Vd_μ=0.782
  step  48000  ε=0.050  L_koop=0.0001  L_v=0.0000  L_recon=0.0000  succ/20=20  sps=91  Vd_max=1.031  Vd_μ=0.723
  step  50000  ε=0.050  L_koop=0.0001  L_v=0.0000  L_recon=0.0000  succ/20=20  sps=93  Vd_max=1.018  Vd_μ=0.699
  step  52000  ε=0.050  L_koop=0.0001  L_v=0.0000  L_recon=0.0000  succ/20=20  sps=93  Vd_max=1.036  Vd_μ=0.711
  step  54000  ε=0.050  L_koop=0.0001  L_v=0.0000  L_recon=0.0000  succ/20=20  sps=91  Vd_max=1.021  Vd_μ=0.749
  step  56000  ε=0.050  L_koop=0.0001  L_v=0.0000  L_recon=0.0000  succ/20=20  sps=91  Vd_max=1.030  Vd_μ=0.686
  step  58000  ε=0.050  L_koop=0.0001  L_v=0.0000  L_recon=0.0000  succ/20=20  sps=93  Vd_max=1.023  Vd_μ=0.740
  step  60000  ε=0.050  L_koop=0.0002  L_v=0.0000  L_recon=0.0000  succ/20=20  sps=92  Vd_max=1.031  Vd_μ=0.759
  step  62000  ε=0.050  L_koop=0.0002  L_v=0.0000  L_recon=0.0000  succ/20=20  sps=93  Vd_max=1.031  Vd_μ=0.754
  step  64000  ε=0.050  L_koop=0.0002  L_v=0.0000  L_recon=0.0000  succ/20=20  sps=93  Vd_max=1.030  Vd_μ=0.765
  step  66000  ε=0.050  L_koop=0.0002  L_v=0.0000  L_recon=0.0000  succ/20=20  sps=92  Vd_max=1.023  Vd_μ=0.746
  step  68000  ε=0.050  L_koop=0.0002  L_v=0.0000  L_recon=0.0000  succ/20=20  sps=93  Vd_max=1.019  Vd_μ=0.727
  step  70000  ε=0.050  L_koop=0.0002  L_v=0.0000  L_recon=0.0000  succ/20=20  sps=92  Vd_max=1.022  Vd_μ=0.792
  step  72000  ε=0.050  L_koop=0.0002  L_v=0.0000  L_recon=0.0000  succ/20=20  sps=92  Vd_max=1.032  Vd_μ=0.741
  step  74000  ε=0.050  L_koop=0.0001  L_v=0.0000  L_recon=0.0000  succ/20=20  sps=91  Vd_max=1.018  Vd_μ=0.713
  step  76000  ε=0.050  L_koop=0.0002  L_v=0.0000  L_recon=0.0000  succ/20=20  sps=92  Vd_max=1.025  Vd_μ=0.722
  step  78000  ε=0.050  L_koop=0.0002  L_v=0.0000  L_recon=0.0000  succ/20=20  sps=96  Vd_max=1.030  Vd_μ=0.761
  step  80000  ε=0.050  L_koop=0.0002  L_v=0.0000  L_recon=0.0000  succ/20=20  sps=97  Vd_max=1.027  Vd_μ=0.721
  step  82000  ε=0.050  L_koop=0.0002  L_v=0.0000  L_recon=0.0000  succ/20=20  sps=96  Vd_max=1.030  Vd_μ=0.750
  step  84000  ε=0.050  L_koop=0.0002  L_v=0.0000  L_recon=0.0000  succ/20=20  sps=96  Vd_max=1.020  Vd_μ=0.745
  step  86000  ε=0.050  L_koop=0.0002  L_v=0.0000  L_recon=0.0000  succ/20=20  sps=96  Vd_max=1.033  Vd_μ=0.743
  step  88000  ε=0.050  L_koop=0.0002  L_v=0.0000  L_recon=0.0000  succ/20=20  sps=96  Vd_max=1.033  Vd_μ=0.718
  step  90000  ε=0.050  L_koop=0.0001  L_v=0.0000  L_recon=0.0000  succ/20=20  sps=95  Vd_max=1.032  Vd_μ=0.773
  step  92000  ε=0.050  L_koop=0.0001  L_v=0.0000  L_recon=0.0000  succ/20=20  sps=98  Vd_max=1.022  Vd_μ=0.705
  step  94000  ε=0.050  L_koop=0.0001  L_v=0.0000  L_recon=0.0000  succ/20=20  sps=102  Vd_max=1.043  Vd_μ=0.687
  step  96000  ε=0.050  L_koop=0.0001  L_v=0.0000  L_recon=0.0000  succ/20=20  sps=101  Vd_max=1.030  Vd_μ=0.747
  step  98000  ε=0.050  L_koop=0.0001  L_v=0.0000  L_recon=0.0000  succ/20=20  sps=103  Vd_max=1.029  Vd_μ=0.763
  step 100000  ε=0.050  L_koop=0.0001  L_v=0.0000  L_recon=0.0000  succ/20=20  sps=103  Vd_max=1.033  Vd_μ=0.706

Greedy evaluation (100 ep): success=100.0%  mean_steps=19.5

Saved → ablation_results/BASE.json
  succ_final=20/20  succ_50k=20/20  greedy=100.0%

Saved model → ablation_results/BASE_model.pt

==================================================
  Planner comparison  (horizon=10, iters=10)
==================================================

  [greedy] evaluating 50 episodes...

  [plan_terminal] evaluating 50 episodes...

  [plan_cumulative] evaluating 50 episodes...
  greedy                : 50/50 successes  mean_return=0.809
  plan_terminal         : 0/50 successes  mean_return=-2.000
  plan_cumulative       : 0/50 successes  mean_return=-2.000

Saved → planner_comparison.png
