
============================================================
  Ablation run: K1_no_normalize
  Config overrides: {'NO_NORMALIZE': True}
============================================================

====================================================================
  Ferrari Sheaf-RL v2 — Directed Latent Value Iteration
  State: (x,y)∈[-1,1]²   GravityBasin   d=32   device=mps
  Graph: 1024 nodes  |  rebuilt every 500 steps
  Value iter: 50 directed Bellman steps
====================================================================

[Warmup: collecting 3000 random transitions...]


[Graph built] N=1024 nodes  E_temp=512  k-NN=5  step=3500
  step   4000  ε=0.905  L_koop=0.0314  L_v=0.0003  L_recon=0.0062  succ/20=1  sps=50  Vd_max=1.000  Vd_μ=0.350
  step   6000  ε=0.858  L_koop=0.0031  L_v=0.0027  L_recon=0.0001  succ/20=1  sps=54  Vd_max=1.000  Vd_μ=0.342
  step   8000  ε=0.810  L_koop=0.0017  L_v=0.0011  L_recon=0.0000  succ/20=0  sps=47  Vd_max=1.000  Vd_μ=0.341
  step  10000  ε=0.762  L_koop=0.0010  L_v=0.0016  L_recon=0.0000  succ/20=1  sps=42  Vd_max=1.000  Vd_μ=0.393
  step  12000  ε=0.715  L_koop=0.0008  L_v=0.0014  L_recon=0.0000  succ/20=2  sps=52  Vd_max=1.000  Vd_μ=0.315
  step  14000  ε=0.667  L_koop=0.0009  L_v=0.0017  L_recon=0.0000  succ/20=2  sps=48  Vd_max=1.000  Vd_μ=0.402
  step  16000  ε=0.620  L_koop=0.0009  L_v=0.0015  L_recon=0.0000  succ/20=1  sps=44  Vd_max=1.000  Vd_μ=0.407
  step  18000  ε=0.573  L_koop=0.0010  L_v=0.0015  L_recon=0.0000  succ/20=0  sps=39  Vd_max=1.000  Vd_μ=0.354
  step  20000  ε=0.525  L_koop=0.0011  L_v=0.0016  L_recon=0.0000  succ/20=1  sps=42  Vd_max=1.000  Vd_μ=0.328
  step  22000  ε=0.478  L_koop=0.0012  L_v=0.0015  L_recon=0.0000  succ/20=1  sps=34  Vd_max=1.000  Vd_μ=0.029
  step  24000  ε=0.430  L_koop=0.0013  L_v=0.0019  L_recon=0.0000  succ/20=2  sps=46  Vd_max=1.000  Vd_μ=0.096
  step  26000  ε=0.382  L_koop=0.0013  L_v=0.0014  L_recon=0.0000  succ/20=2  sps=48  Vd_max=1.000  Vd_μ=0.344
  step  28000  ε=0.335  L_koop=0.0014  L_v=0.0019  L_recon=0.0000  succ/20=3  sps=44  Vd_max=1.000  Vd_μ=0.262
  step  30000  ε=0.287  L_koop=0.0014  L_v=0.0019  L_recon=0.0000  succ/20=3  sps=51  Vd_max=1.000  Vd_μ=0.290
  step  32000  ε=0.240  L_koop=0.0014  L_v=0.0023  L_recon=0.0000  succ/20=0  sps=47  Vd_max=1.000  Vd_μ=0.196
  step  34000  ε=0.193  L_koop=0.0015  L_v=0.0040  L_recon=0.0000  succ/20=1  sps=47  Vd_max=1.000  Vd_μ=0.335
  step  36000  ε=0.145  L_koop=0.0013  L_v=0.0032  L_recon=0.0000  succ/20=2  sps=50  Vd_max=1.000  Vd_μ=0.206
  step  38000  ε=0.098  L_koop=0.0014  L_v=0.0031  L_recon=0.0000  succ/20=1  sps=52  Vd_max=1.000  Vd_μ=0.208
  step  40000  ε=0.050  L_koop=0.0014  L_v=0.0041  L_recon=0.0000  succ/20=0  sps=51  Vd_max=1.000  Vd_μ=0.168
  step  42000  ε=0.050  L_koop=0.0014  L_v=0.0031  L_recon=0.0000  succ/20=0  sps=50  Vd_max=1.000  Vd_μ=0.269
  step  44000  ε=0.050  L_koop=0.0013  L_v=0.0023  L_recon=0.0000  succ/20=1  sps=49  Vd_max=1.000  Vd_μ=0.246
  step  46000  ε=0.050  L_koop=0.0014  L_v=0.0030  L_recon=0.0000  succ/20=1  sps=47  Vd_max=1.000  Vd_μ=0.186
  step  48000  ε=0.050  L_koop=0.0016  L_v=0.0044  L_recon=0.0000  succ/20=0  sps=43  Vd_max=1.000  Vd_μ=0.297
  step  50000  ε=0.050  L_koop=0.0017  L_v=0.0017  L_recon=0.0000  succ/20=0  sps=40  Vd_max=1.000  Vd_μ=0.186
  step  52000  ε=0.050  L_koop=0.0016  L_v=0.0031  L_recon=0.0000  succ/20=0  sps=45  Vd_max=1.000  Vd_μ=0.249
  step  54000  ε=0.050  L_koop=0.0015  L_v=0.0019  L_recon=0.0000  succ/20=1  sps=42  Vd_max=1.000  Vd_μ=0.237
  step  56000  ε=0.050  L_koop=0.0015  L_v=0.0045  L_recon=0.0000  succ/20=1  sps=42  Vd_max=1.000  Vd_μ=0.147
  step  58000  ε=0.050  L_koop=0.0015  L_v=0.0033  L_recon=0.0000  succ/20=0  sps=45  Vd_max=1.000  Vd_μ=0.163
  step  60000  ε=0.050  L_koop=0.0018  L_v=0.0029  L_recon=0.0000  succ/20=0  sps=45  Vd_max=1.000  Vd_μ=0.032
  step  62000  ε=0.050  L_koop=0.0018  L_v=0.0016  L_recon=0.0000  succ/20=0  sps=43  Vd_max=1.000  Vd_μ=0.125
  step  64000  ε=0.050  L_koop=0.0018  L_v=0.0028  L_recon=0.0000  succ/20=1  sps=42  Vd_max=1.000  Vd_μ=0.076
  step  66000  ε=0.050  L_koop=0.0017  L_v=0.0021  L_recon=0.0000  succ/20=1  sps=44  Vd_max=1.000  Vd_μ=0.152
  step  68000  ε=0.050  L_koop=0.0017  L_v=0.0025  L_recon=0.0000  succ/20=0  sps=45  Vd_max=1.000  Vd_μ=0.083
  step  70000  ε=0.050  L_koop=0.0016  L_v=0.0017  L_recon=0.0000  succ/20=0  sps=44  Vd_max=1.000  Vd_μ=0.049
  step  72000  ε=0.050  L_koop=0.0016  L_v=0.0011  L_recon=0.0000  succ/20=1  sps=39  Vd_max=1.000  Vd_μ=0.107
  step  74000  ε=0.050  L_koop=0.0017  L_v=0.0014  L_recon=0.0000  succ/20=2  sps=41  Vd_max=1.000  Vd_μ=0.152
  step  76000  ε=0.050  L_koop=0.0015  L_v=0.0011  L_recon=0.0000  succ/20=1  sps=41  Vd_max=1.000  Vd_μ=0.204
  step  78000  ε=0.050  L_koop=0.0016  L_v=0.0016  L_recon=0.0000  succ/20=0  sps=45  Vd_max=1.000  Vd_μ=0.198
  step  80000  ε=0.050  L_koop=0.0015  L_v=0.0009  L_recon=0.0000  succ/20=0  sps=41  Vd_max=1.000  Vd_μ=0.022
  step  82000  ε=0.050  L_koop=0.0015  L_v=0.0022  L_recon=0.0000  succ/20=0  sps=47  Vd_max=1.000  Vd_μ=0.197
  step  84000  ε=0.050  L_koop=0.0015  L_v=0.0023  L_recon=0.0000  succ/20=1  sps=45  Vd_max=1.000  Vd_μ=0.066
  step  86000  ε=0.050  L_koop=0.0017  L_v=0.0021  L_recon=0.0000  succ/20=3  sps=41  Vd_max=1.000  Vd_μ=0.245
  step  88000  ε=0.050  L_koop=0.0018  L_v=0.0032  L_recon=0.0000  succ/20=3  sps=46  Vd_max=1.000  Vd_μ=0.253
  step  90000  ε=0.050  L_koop=0.0018  L_v=0.0034  L_recon=0.0000  succ/20=1  sps=44  Vd_max=1.000  Vd_μ=0.091
  step  92000  ε=0.050  L_koop=0.0019  L_v=0.0020  L_recon=0.0000  succ/20=1  sps=42  Vd_max=1.000  Vd_μ=0.293
  step  94000  ε=0.050  L_koop=0.0019  L_v=0.0019  L_recon=0.0000  succ/20=2  sps=40  Vd_max=1.000  Vd_μ=0.187
  step  96000  ε=0.050  L_koop=0.0018  L_v=0.0011  L_recon=0.0000  succ/20=2  sps=46  Vd_max=1.000  Vd_μ=0.162
  step  98000  ε=0.050  L_koop=0.0017  L_v=0.0025  L_recon=0.0000  succ/20=1  sps=45  Vd_max=1.000  Vd_μ=0.115
  step 100000  ε=0.050  L_koop=0.0017  L_v=0.0027  L_recon=0.0000  succ/20=0  sps=57  Vd_max=1.000  Vd_μ=0.196

Greedy evaluation (100 ep): success=0.0%  mean_steps=nan

Saved → ablation_results/K1_no_normalize.json
  succ_final=0/20  succ_50k=0/20  greedy=0.0%
