====================================================================
  Ferrari Sheaf-RL v2 — Directed Latent Value Iteration
  State: (x,y)∈[-1,1]²   GravityBasin   d=32   device=mps
  Graph: 1024 nodes  |  rebuilt every 500 steps
  Value iter: 50 directed Bellman steps
====================================================================

[Warmup: collecting 3000 random transitions...]


[Graph built] N=1024 nodes  E_temp=512  k-NN=5  step=3500
  step   4000  ε=0.905  L_koop=0.1835  L_v=0.0002  L_recon=0.0176  succ/20=1  sps=218  Vd_max=1.000  Vd_μ=0.343
  step   6000  ε=0.858  L_koop=0.0257  L_v=0.0020  L_recon=0.0029  succ/20=2  sps=114  Vd_max=1.000  Vd_μ=0.380
  step   8000  ε=0.810  L_koop=0.0015  L_v=0.0001  L_recon=0.0001  succ/20=3  sps=116  Vd_max=1.067  Vd_μ=0.471
  step  10000  ε=0.762  L_koop=0.0005  L_v=0.0000  L_recon=0.0000  succ/20=6  sps=117  Vd_max=1.000  Vd_μ=0.523
  step  12000  ε=0.715  L_koop=0.0002  L_v=0.0000  L_recon=0.0000  succ/20=18  sps=110  Vd_max=1.007  Vd_μ=0.539
  step  14000  ε=0.667  L_koop=0.0002  L_v=0.0000  L_recon=0.0000  succ/20=15  sps=108  Vd_max=1.023  Vd_μ=0.600
  step  16000  ε=0.620  L_koop=0.0001  L_v=0.0000  L_recon=0.0000  succ/20=20  sps=110  Vd_max=1.033  Vd_μ=0.656
  step  18000  ε=0.573  L_koop=0.0001  L_v=0.0000  L_recon=0.0000  succ/20=20  sps=108  Vd_max=1.048  Vd_μ=0.662
  step  20000  ε=0.525  L_koop=0.0001  L_v=0.0000  L_recon=0.0000  succ/20=20  sps=107  Vd_max=1.040  Vd_μ=0.621
  step  22000  ε=0.478  L_koop=0.0001  L_v=0.0000  L_recon=0.0000  succ/20=20  sps=109  Vd_max=1.042  Vd_μ=0.692
  step  24000  ε=0.430  L_koop=0.0001  L_v=0.0000  L_recon=0.0000  succ/20=20  sps=107  Vd_max=1.051  Vd_μ=0.697
  step  26000  ε=0.382  L_koop=0.0001  L_v=0.0000  L_recon=0.0000  succ/20=20  sps=107  Vd_max=1.051  Vd_μ=0.755
  step  28000  ε=0.335  L_koop=0.0001  L_v=0.0000  L_recon=0.0000  succ/20=20  sps=104  Vd_max=1.044  Vd_μ=0.728
  step  30000  ε=0.287  L_koop=0.0001  L_v=0.0000  L_recon=0.0000  succ/20=20  sps=105  Vd_max=1.046  Vd_μ=0.734
  step  32000  ε=0.240  L_koop=0.0001  L_v=0.0000  L_recon=0.0000  succ/20=20  sps=99  Vd_max=1.050  Vd_μ=0.754
  step  34000  ε=0.193  L_koop=0.0001  L_v=0.0000  L_recon=0.0000  succ/20=20  sps=101  Vd_max=1.049  Vd_μ=0.814
  step  36000  ε=0.145  L_koop=0.0002  L_v=0.0000  L_recon=0.0000  succ/20=20  sps=97  Vd_max=1.042  Vd_μ=0.786
  step  38000  ε=0.098  L_koop=0.0002  L_v=0.0000  L_recon=0.0000  succ/20=20  sps=98  Vd_max=1.045  Vd_μ=0.748
  step  40000  ε=0.050  L_koop=0.0002  L_v=0.0000  L_recon=0.0000  succ/20=20  sps=96  Vd_max=1.055  Vd_μ=0.775
  step  42000  ε=0.050  L_koop=0.0002  L_v=0.0000  L_recon=0.0000  succ/20=20  sps=98  Vd_max=1.051  Vd_μ=0.759
  step  44000  ε=0.050  L_koop=0.0002  L_v=0.0000  L_recon=0.0000  succ/20=20  sps=97  Vd_max=1.050  Vd_μ=0.776
  step  46000  ε=0.050  L_koop=0.0001  L_v=0.0000  L_recon=0.0000  succ/20=20  sps=95  Vd_max=1.052  Vd_μ=0.762
  step  48000  ε=0.050  L_koop=0.0001  L_v=0.0000  L_recon=0.0000  succ/20=20  sps=96  Vd_max=1.050  Vd_μ=0.813
  step  50000  ε=0.050  L_koop=0.0001  L_v=0.0000  L_recon=0.0000  succ/20=20  sps=97  Vd_max=1.060  Vd_μ=0.794
  step  52000  ε=0.050  L_koop=0.0001  L_v=0.0000  L_recon=0.0000  succ/20=20  sps=97  Vd_max=1.053  Vd_μ=0.760
  step  54000  ε=0.050  L_koop=0.0001  L_v=0.0000  L_recon=0.0000  succ/20=20  sps=92  Vd_max=1.047  Vd_μ=0.743
  step  56000  ε=0.050  L_koop=0.0001  L_v=0.0000  L_recon=0.0000  succ/20=20  sps=89  Vd_max=1.045  Vd_μ=0.748
  step  58000  ε=0.050  L_koop=0.0001  L_v=0.0000  L_recon=0.0000  succ/20=20  sps=90  Vd_max=1.041  Vd_μ=0.766
  step  60000  ε=0.050  L_koop=0.0001  L_v=0.0000  L_recon=0.0000  succ/20=20  sps=90  Vd_max=1.047  Vd_μ=0.744
  step  62000  ε=0.050  L_koop=0.0001  L_v=0.0000  L_recon=0.0000  succ/20=20  sps=96  Vd_max=1.043  Vd_μ=0.765
  step  64000  ε=0.050  L_koop=0.0001  L_v=0.0000  L_recon=0.0000  succ/20=20  sps=97  Vd_max=1.048  Vd_μ=0.749
  step  66000  ε=0.050  L_koop=0.0001  L_v=0.0000  L_recon=0.0000  succ/20=20  sps=96  Vd_max=1.046  Vd_μ=0.794
  step  68000  ε=0.050  L_koop=0.0001  L_v=0.0000  L_recon=0.0000  succ/20=20  sps=98  Vd_max=1.041  Vd_μ=0.803
  step  70000  ε=0.050  L_koop=0.0001  L_v=0.0000  L_recon=0.0000  succ/20=20  sps=97  Vd_max=1.045  Vd_μ=0.751
  step  72000  ε=0.050  L_koop=0.0001  L_v=0.0000  L_recon=0.0000  succ/20=20  sps=97  Vd_max=1.049  Vd_μ=0.763
  step  74000  ε=0.050  L_koop=0.0001  L_v=0.0000  L_recon=0.0000  succ/20=20  sps=97  Vd_max=1.034  Vd_μ=0.784
  step  76000  ε=0.050  L_koop=0.0001  L_v=0.0000  L_recon=0.0000  succ/20=20  sps=97  Vd_max=1.054  Vd_μ=0.764
  step  78000  ε=0.050  L_koop=0.0001  L_v=0.0000  L_recon=0.0000  succ/20=20  sps=95  Vd_max=1.039  Vd_μ=0.770
  step  80000  ε=0.050  L_koop=0.0001  L_v=0.0000  L_recon=0.0000  succ/20=20  sps=97  Vd_max=1.042  Vd_μ=0.751
  step  82000  ε=0.050  L_koop=0.0001  L_v=0.0000  L_recon=0.0000  succ/20=20  sps=95  Vd_max=1.050  Vd_μ=0.736
  step  84000  ε=0.050  L_koop=0.0001  L_v=0.0000  L_recon=0.0000  succ/20=20  sps=97  Vd_max=1.053  Vd_μ=0.772
  step  86000  ε=0.050  L_koop=0.0001  L_v=0.0000  L_recon=0.0000  succ/20=20  sps=97  Vd_max=1.047  Vd_μ=0.803
  step  88000  ε=0.050  L_koop=0.0001  L_v=0.0000  L_recon=0.0000  succ/20=20  sps=98  Vd_max=1.053  Vd_μ=0.725
  step  90000  ε=0.050  L_koop=0.0001  L_v=0.0000  L_recon=0.0000  succ/20=20  sps=90  Vd_max=1.035  Vd_μ=0.740
  step  92000  ε=0.050  L_koop=0.0001  L_v=0.0000  L_recon=0.0000  succ/20=20  sps=91  Vd_max=1.049  Vd_μ=0.791
  step  94000  ε=0.050  L_koop=0.0001  L_v=0.0000  L_recon=0.0000  succ/20=20  sps=93  Vd_max=1.044  Vd_μ=0.734
  step  96000  ε=0.050  L_koop=0.0001  L_v=0.0000  L_recon=0.0000  succ/20=20  sps=91  Vd_max=1.044  Vd_μ=0.752
  step  98000  ε=0.050  L_koop=0.0001  L_v=0.0000  L_recon=0.0000  succ/20=20  sps=93  Vd_max=1.044  Vd_μ=0.753
  step 100000  ε=0.050  L_koop=0.0001  L_v=0.0000  L_recon=0.0000  succ/20=20  sps=90  Vd_max=1.047  Vd_μ=0.768

Saved → sheaf_agent_trained.pt

Final evaluation (100 episodes, greedy):
  Success rate : 100.0%
  Mean steps   : 23.2  (successful episodes only)

  Training episodes    : 3394
  Training successes   : 3344  (98.5%)
  Mean training return : 0.99

Saved -> sheaf_rl_directed_results.png

==================================================
  Planner comparison (horizon=10, iters=20)
==================================================

  [greedy] evaluating 100 episodes...
Traceback (most recent call last):
  File "/Users/jq23948/Documents/sheaf_rl/sheaf_rl_directed.py", line 816, in <module>
    main()
  File "/Users/jq23948/Documents/sheaf_rl/sheaf_rl_directed.py", line 808, in main
    results = evaluate_planner(agent, n_episodes=100)
              ^^^^^^^^^^^^^^^^^^^^^^^^^^^^^^^^^^^^^^^
  File "/Users/jq23948/Documents/sheaf_rl/sheaf_rl_directed.py", line 737, in evaluate_planner
    a       = act_fn(s)
              ^^^^^^^^^
  File "/Users/jq23948/Documents/sheaf_rl/sheaf_rl_directed.py", line 728, in <lambda>
    ("greedy",          lambda s: agent.act(s, epsilon=0.0)),
                                  ^^^^^^^^^^^^^^^^^^^^^^^^^
  File "/Users/jq23948/anaconda3/lib/python3.11/site-packages/torch/utils/_contextlib.py", line 120, in decorate_context
    return func(*args, **kwargs)
           ^^^^^^^^^^^^^^^^^^^^^
  File "/Users/jq23948/Documents/sheaf_rl/sheaf_rl_directed.py", line 260, in _act_device
    z = self_ref.encoder(
        ^^^^^^^^^^^^^^^^^
  File "/Users/jq23948/anaconda3/lib/python3.11/site-packages/torch/nn/modules/module.py", line 1775, in _wrapped_call_impl
    return self._call_impl(*args, **kwargs)
           ^^^^^^^^^^^^^^^^^^^^^^^^^^^^^^^^
  File "/Users/jq23948/anaconda3/lib/python3.11/site-packages/torch/nn/modules/module.py", line 1786, in _call_impl
    return forward_call(*args, **kwargs)
           ^^^^^^^^^^^^^^^^^^^^^^^^^^^^^
  File "/Users/jq23948/Documents/sheaf_rl/model.py", line 37, in forward
    return F.normalize(self.net(x), dim=-1)
                       ^^^^^^^^^^^
  File "/Users/jq23948/anaconda3/lib/python3.11/site-packages/torch/nn/modules/module.py", line 1775, in _wrapped_call_impl
    return self._call_impl(*args, **kwargs)
           ^^^^^^^^^^^^^^^^^^^^^^^^^^^^^^^^
  File "/Users/jq23948/anaconda3/lib/python3.11/site-packages/torch/nn/modules/module.py", line 1786, in _call_impl
    return forward_call(*args, **kwargs)
           ^^^^^^^^^^^^^^^^^^^^^^^^^^^^^
  File "/Users/jq23948/anaconda3/lib/python3.11/site-packages/torch/nn/modules/container.py", line 250, in forward
    input = module(input)
            ^^^^^^^^^^^^^
  File "/Users/jq23948/anaconda3/lib/python3.11/site-packages/torch/nn/modules/module.py", line 1775, in _wrapped_call_impl
    return self._call_impl(*args, **kwargs)
           ^^^^^^^^^^^^^^^^^^^^^^^^^^^^^^^^
  File "/Users/jq23948/anaconda3/lib/python3.11/site-packages/torch/nn/modules/module.py", line 1786, in _call_impl
    return forward_call(*args, **kwargs)
           ^^^^^^^^^^^^^^^^^^^^^^^^^^^^^
  File "/Users/jq23948/anaconda3/lib/python3.11/site-packages/torch/nn/modules/linear.py", line 134, in forward
    return F.linear(input, self.weight, self.bias)
           ^^^^^^^^^^^^^^^^^^^^^^^^^^^^^^^^^^^^^^^
RuntimeError: Tensor for argument weight is on cpu but expected on mps
